  8215 Bird of Paradise     0 hit(s)
  HIT   2714   445898b https://shop.fieldsfabrics.com/assets/images/blue.jpg
  HIT   2714    13242b https://shop.fieldsfabrics.com/assets/images/blue_thumbnail.jpg
  2714 Blue                 2 hit(s)
  9467 Bright Violet        0 hit(s)
  9372 Eggplant             0 hit(s)
  4619 Green Glass          0 hit(s)
  7369 Navajo Turquoise     0 hit(s)
  6635 Rapture Rose         0 hit(s)
  HIT   2465   662921b https://shop.fieldsfabrics.com/assets/images/royal.jpg
  HIT   2465    14424b https://shop.fieldsfabrics.com/assets/images/royal_thumbnail.jpg
  2465 Royal                2 hit(s)
  2708 Sky Blue             0 hit(s)
   684 Soft Ivy             0 hit(s)
   452 Spanish Gold         0 hit(s)
  7361 Teal Blue            0 hit(s)
  5837 White Extra Supple   0 hit(s)
  7000 Aqua                 0 hit(s)
  HIT   8200   101755b https://shop.fieldsfabrics.com/assets/images/cinnamon.jpg
  HIT   8200     8032b https://shop.fieldsfabrics.com/assets/images/cinnamon_thumbnail.jpg
  8200 Cinnamon             2 hit(s)
  3835 Henna                0 hit(s)
  3800 Rustola              0 hit(s)
  9270 Ultraviolet          0 hit(s)
  9364 Wisteria             0 hit(s)

608 URLs tried, 6 found
